// Jest Snapshot v1, https://goo.gl/fbAQLP

exports[`reducers root should handle initial state 1`] = `
Object {
  "jobs": Object {
    "active": null,
    "entities": Object {},
    "ids": Array [],
    "outputs": Object {},
  },
  "router": Object {
    "action": undefined,
    "location": "/",
  },
}
`;
